
> bpm-frontend@1.0.0 build
> vite build

node.exe : 'vite' is 
not recognized as an 
internal or external 
command,
At C:\Program Files\no
dejs\npm.ps1:29 char:3
+   & $NODE_EXE 
$NPM_CLI_JS $args
+   ~~~~~~~~~~~~~~~~~~
~~~~~~~~~~~
    + CategoryInfo    
          : NotSpeci  
  fied: ('vite' is    
 not r...ternal co    
mmand,:String) []    
, RemoteException
    + FullyQualifiedE 
   rrorId : NativeCo  
  mmandError
 
operable program or 
batch file.
